
> mtih-learn@0.1.0 build
> next build

Γû▓ Next.js 16.1.6 (Turbopack)
- Environments: .env.local

node.exe : ΓÜá The "middleware" file convention is 
deprecated. Please use "proxy" instead. Learn more: 
https://nextjs.org/docs/messages/middleware-to-proxy
At line:1 char:1
+ & "C:\Program Files\nodejs/node.exe" "C:\Program 
Files\nodejs/node_mo ...
+ ~~~~~~~~~~~~~~~~~~~~~~~~~~~~~~~~~~~~~~~~~~~~~~~~~~
~~~~~~~~~~~~~~~~~~~
    + CategoryInfo          : NotSpecified: (ΓÜá Th 
   e "middle...leware-to-proxy:String) [], RemoteE  
  xception
    + FullyQualifiedErrorId : NativeCommandError
 
  Creating an optimized production build ...

> Build error occurred
Error: Turbopack build failed with 1 errors:
./src/components/AICopilot.tsx:3:1
Module not found: Can't resolve 'ai/react'
[0m [90m 1 |[39m [32m"use 
client"[39m[33m;[39m
 [90m 2 |[39m
[31m[1m>[22m[39m[90m 3 |[39m [36mimport[39m 
{ useChat } [36mfrom[39m 
[32m'ai/react'[39m[33m;[39m
 [90m   |[39m [31m[1m^[22m[39m[31m[1m^[22m
[39m[31m[1m^[22m[39m[31m[1m^[22m[39m[31m[1
m^[22m[39m[31m[1m^[22m[39m[31m[1m^[22m[39m
[31m[1m^[22m[39m[31m[1m^[22m[39m[31m[1m^[
22m[39m[31m[1m^[22m[39m[31m[1m^[22m[39m[31
m[1m^[22m[39m[31m[1m^[22m[39m[31m[1m^[22m
[39m[31m[1m^[22m[39m[31m[1m^[22m[39m[31m[1
m^[22m[39m[31m[1m^[22m[39m[31m[1m^[22m[39m
[31m[1m^[22m[39m[31m[1m^[22m[39m[31m[1m^[
22m[39m[31m[1m^[22m[39m[31m[1m^[22m[39m[31
m[1m^[22m[39m[31m[1m^[22m[39m[31m[1m^[22m
[39m[31m[1m^[22m[39m[31m[1m^[22m[39m[31m[1
m^[22m[39m[31m[1m^[22m[39m[31m[1m^[22m[39m
[31m[1m^[22m[39m[31m[1m^[22m[39m
 [90m 4 |[39m [36mimport[39m { 
useState[33m,[39m useRef[33m,[39m useEffect } 
[36mfrom[39m [32m'react'[39m[33m;[39m
 [90m 5 |[39m [36mimport[39m { 
[33mBot[39m[33m,[39m [33mX[39m[33m,[39m 
[33mSend[39m[33m,[39m [33mUser[39m[33m,[39m 
[33mBrainCircuit[39m[33m,[39m 
[33mSparkles[39m } [36mfrom[39m 
[32m'lucide-react'[39m[33m;[39m
 [90m 6 |[39m [36mimport[39m { cn } 
[36mfrom[39m 
[32m'@/lib/utils'[39m[33m;[39m[0m



Import traces:
  Client Component Browser:
    ./src/components/AICopilot.tsx [Client 
Component Browser]
    
./src/app/courses/[id]/lessons/[lessonId]/page.tsx 
[Client Component Browser]
    
./src/app/courses/[id]/lessons/[lessonId]/page.tsx 
[Server Component]

  Client Component SSR:
    ./src/components/AICopilot.tsx [Client 
Component SSR]
    
./src/app/courses/[id]/lessons/[lessonId]/page.tsx 
[Client Component SSR]
    
./src/app/courses/[id]/lessons/[lessonId]/page.tsx 
[Server Component]

https://nextjs.org/docs/messages/module-not-found


    at <unknown> 
(./src/components/AICopilot.tsx:3:1)
    at <unknown> 
(https://nextjs.org/docs/messages/module-not-found)
